
Running 69 tests using 5 workers

[1A[2K[1/69] [chromium] › tests/admin-inspect.spec.ts:3:1 › blog post and admin inspection
[1A[2K[2/69] [chromium] › tests/blog-management.spec.ts:15:5 › Blog Management › should create a new blog post and publish it
[1A[2K[3/69] [chromium] › tests/blog-management.spec.ts:129:5 › Blog Management › should handle draft and published status
[1A[2K[4/69] [chromium] › tests/blog-management.spec.ts:72:5 › Blog Management › should delete a blog post with confirmation
[1A[2K[5/69] [chromium] › tests/detailed-inspect.spec.ts:3:1 › detailed DOM inspection
[1A[2K  1) [chromium] › tests/admin-inspect.spec.ts:3:1 › blog post and admin inspection ─────────────────

    Error: page.goto: net::ERR_CONNECTION_REFUSED at http://localhost:5174/
    Call log:
    [2m  - navigating to "http://localhost:5174/", waiting until "load"[22m


      3 | test('blog post and admin inspection', async ({ page }) => {
      4 |     // Go to a specific blog post
    > 5 |     await page.goto('http://localhost:5174');
        |                ^
      6 |     await page.waitForTimeout(2000);
      7 |
      8 |     // Click "Read More" button
        at /Users/vybhav/Documents/vybhi/bloggy/tests/admin-inspect.spec.ts:5:16


[1A[2K  2) [chromium] › tests/detailed-inspect.spec.ts:3:1 › detailed DOM inspection ─────────────────────

    Error: page.goto: net::ERR_CONNECTION_REFUSED at http://localhost:5174/
    Call log:
    [2m  - navigating to "http://localhost:5174/", waiting until "load"[22m


      2 |
      3 | test('detailed DOM inspection', async ({ page }) => {
    > 4 |     await page.goto('http://localhost:5174');
        |                ^
      5 |     await page.waitForLoadState('domcontentloaded');
      6 |     await page.waitForTimeout(2000);
      7 |
        at /Users/vybhav/Documents/vybhi/bloggy/tests/detailed-inspect.spec.ts:4:16


[1A[2K[6/69] [chromium] › tests/inspect.spec.ts:3:1 › inspect UI elements
[1A[2K[7/69] [chromium] › tests/login-inspect.spec.ts:3:1 › login flow inspection
[1A[2K  3) [chromium] › tests/inspect.spec.ts:3:1 › inspect UI elements ──────────────────────────────────

    Error: page.goto: net::ERR_CONNECTION_REFUSED at http://localhost:5174/
    Call log:
    [2m  - navigating to "http://localhost:5174/", waiting until "load"[22m


      3 | test('inspect UI elements', async ({ page }) => {
      4 |     // Navigate to home page
    > 5 |     await page.goto('http://localhost:5174');
        |                ^
      6 |     await page.waitForLoadState('domcontentloaded');
      7 |
      8 |     // Wait a bit for content to load
        at /Users/vybhav/Documents/vybhi/bloggy/tests/inspect.spec.ts:5:16


[1A[2K  4) [chromium] › tests/login-inspect.spec.ts:3:1 › login flow inspection ──────────────────────────

    Error: page.goto: net::ERR_CONNECTION_REFUSED at http://localhost:5174/login
    Call log:
    [2m  - navigating to "http://localhost:5174/login", waiting until "load"[22m


      2 |
      3 | test('login flow inspection', async ({ page }) => {
    > 4 |     await page.goto('http://localhost:5174/login');
        |                ^
      5 |     await page.waitForTimeout(2000);
      6 |
      7 |     console.log('\n=== LOGIN PAGE ===');
        at /Users/vybhav/Documents/vybhi/bloggy/tests/login-inspect.spec.ts:4:16


[1A[2K[8/69] [chromium] › tests/pagination.spec.ts:11:5 › Pagination › should navigate through multiple pages using next button
[1A[2K[9/69] [chromium] › tests/pagination.spec.ts:72:5 › Pagination › should navigate using previous button
[1A[2K  5) [chromium] › tests/blog-management.spec.ts:72:5 › Blog Management › should delete a blog post with confirmation 

    Error: locator.click: Error: strict mode violation: getByRole('button', { name: /publish/i }) resolved to 2 elements:
        1) <button tabindex="0" type="button" value="published" aria-pressed="false" aria-label="published" class="MuiButtonBase-root MuiToggleButtonGroup-grouped MuiToggleButtonGroup-groupedHorizontal MuiToggleButton-root MuiToggleButton-sizeMedium MuiToggleButton-standard MuiToggleButtonGroup-grouped MuiToggleButtonGroup-groupedHorizontal MuiToggleButtonGroup-lastButton css-ueukts-MuiButtonBase-root-MuiToggleButton-root">…</button> aka getByRole('button', { name: 'published' })
        2) <button disabled tabindex="-1" type="button" class="MuiButtonBase-root MuiButton-root MuiButton-contained MuiButton-containedSuccess MuiButton-sizeMedium MuiButton-containedSizeMedium MuiButton-colorSuccess Mui-disabled MuiButton-root MuiButton-contained MuiButton-containedSuccess MuiButton-sizeMedium MuiButton-containedSizeMedium MuiButton-colorSuccess css-ke5b6m-MuiButtonBase-root-MuiButton-root">…</button> aka getByRole('button', { name: 'Publish Now' })

    Call log:
    [2m  - waiting for getByRole('button', { name: /publish/i })[22m


       at helpers.ts:93

      91 |
      92 |     // Publish the post
    > 93 |     await page.getByRole('button', { name: /publish/i }).click();
         |                                                          ^
      94 |
      95 |     // Wait for success message or redirect
      96 |     await page.waitForTimeout(2000);
        at createBlogPost (/Users/vybhav/Documents/vybhi/bloggy/tests/helpers.ts:93:58)
        at /Users/vybhav/Documents/vybhi/bloggy/tests/blog-management.spec.ts:75:9

    Error Context: test-results/blog-management-Blog-Manag-b5fae-blog-post-with-confirmation-chromium/error-context.md


[1A[2K[10/69] [chromium] › tests/pagination.spec.ts:109:5 › Pagination › should persist page state in URL
[1A[2K  6) [chromium] › tests/pagination.spec.ts:11:5 › Pagination › should navigate through multiple pages using next button 

    Error: [2mexpect([22m[31mreceived[39m[2m).[22mtoBe[2m([22m[32mexpected[39m[2m) // Object.is equality[22m

    Expected: [32m2[39m
    Received: [31m1[39m

      48 |         // Verify we're on page 2
      49 |         currentPage = await getCurrentPageFromURL(page);
    > 50 |         expect(currentPage).toBe(2);
         |                             ^
      51 |
      52 |         // Verify URL contains page parameter
      53 |         expect(page.url()).toContain('page=2');
        at /Users/vybhav/Documents/vybhi/bloggy/tests/pagination.spec.ts:50:29

    Error Context: test-results/pagination-Pagination-shou-275d1-ple-pages-using-next-button-chromium/error-context.md


[1A[2K[11/69] [chromium] › tests/pagination.spec.ts:135:5 › Pagination › should allow direct navigation to specific page via URL
[1A[2K[chromium] › tests/pagination.spec.ts:109:5 › Pagination › should persist page state in URL
Page state persisted in URL after refresh

[1A[2K[12/69] [chromium] › tests/pagination.spec.ts:161:5 › Pagination › should display page numbers correctly
[1A[2K[chromium] › tests/pagination.spec.ts:161:5 › Pagination › should display page numbers correctly
No page number indicators found

[1A[2K[13/69] [chromium] › tests/pagination.spec.ts:192:5 › Pagination › should disable previous button on first page
[1A[2K[chromium] › tests/pagination.spec.ts:135:5 › Pagination › should allow direct navigation to specific page via URL
Successfully navigated directly to page 3 via URL

[1A[2KFound 9 posts on page 3

[1A[2K[14/69] [chromium] › tests/pagination.spec.ts:218:5 › Pagination › should disable next button on last page
[1A[2K[chromium] › tests/pagination.spec.ts:218:5 › Pagination › should disable next button on last page
Successfully reached last page (page 2)

[1A[2K[15/69] [chromium] › tests/pagination.spec.ts:261:5 › Pagination › should maintain search/filter state across pagination
[1A[2K[chromium] › tests/pagination.spec.ts:192:5 › Pagination › should disable previous button on first page
Previous button is correctly disabled on first page

[1A[2K[16/69] [chromium] › tests/public-viewing.spec.ts:11:5 › Public Blog Viewing › should view list of published blogs
[1A[2K[chromium] › tests/pagination.spec.ts:261:5 › Pagination › should maintain search/filter state across pagination
Not enough search results for pagination

[1A[2K[17/69] [chromium] › tests/public-viewing.spec.ts:38:5 › Public Blog Viewing › should search for blogs by keyword
[1A[2K[chromium] › tests/public-viewing.spec.ts:11:5 › Public Blog Viewing › should view list of published blogs
Found 9 blog posts on the page

[1A[2K[18/69] [chromium] › tests/public-viewing.spec.ts:84:5 › Public Blog Viewing › should view a blog post
[1A[2K[chromium] › tests/public-viewing.spec.ts:38:5 › Public Blog Viewing › should search for blogs by keyword
Search for "Getting" returned 2 results

[1A[2K[19/69] [chromium] › tests/public-viewing.spec.ts:128:5 › Public Blog Viewing › should persist theme preference across sessions
[1A[2K[chromium] › tests/public-viewing.spec.ts:128:5 › Public Blog Viewing › should persist theme preference across sessions
Initial theme: null

[1A[2KNew theme after toggle: dark

[1A[2KTheme persisted after refresh: dark

[1A[2KTheme persisted in new page: dark

[1A[2K[20/69] [chromium] › tests/public-viewing.spec.ts:170:5 › Public Blog Viewing › should mark read blogs visually across sessions
[1A[2K[chromium] › tests/public-viewing.spec.ts:170:5 › Public Blog Viewing › should mark read blogs visually across sessions
Initial read posts: 0

[1A[2K  7) [chromium] › tests/blog-management.spec.ts:129:5 › Blog Management › should handle draft and published status 

    [31mTest timeout of 30000ms exceeded.[39m

    Error: locator.click: Test timeout of 30000ms exceeded.
    Call log:
    [2m  - waiting for getByRole('button', { name: /create|new post/i }).or(getByRole('link', { name: /create|new post/i }))[22m


      134 |         const createButton = page.getByRole('button', { name: /create|new post/i })
      135 |             .or(page.getByRole('link', { name: /create|new post/i }));
    > 136 |         await createButton.click();
          |                            ^
      137 |
      138 |         // Fill in post details
      139 |         await page.getByLabel(/title/i).fill(blogData.title);
        at /Users/vybhav/Documents/vybhi/bloggy/tests/blog-management.spec.ts:136:28

    Error Context: test-results/blog-management-Blog-Manag-ecb98--draft-and-published-status-chromium/error-context.md


[1A[2K  8) [chromium] › tests/blog-management.spec.ts:15:5 › Blog Management › should create a new blog post and publish it 

    [31mTest timeout of 30000ms exceeded.[39m

    Error: locator.click: Test timeout of 30000ms exceeded.
    Call log:
    [2m  - waiting for getByRole('button', { name: /create|new post/i }).or(getByRole('link', { name: /create|new post/i }))[22m


      23 |         const createButton = page.getByRole('button', { name: /create|new post/i })
      24 |             .or(page.getByRole('link', { name: /create|new post/i }));
    > 25 |         await createButton.click();
         |                            ^
      26 |
      27 |         // Wait for editor to load
      28 |         await page.waitForTimeout(1000);
        at /Users/vybhav/Documents/vybhi/bloggy/tests/blog-management.spec.ts:25:28

    Error Context: test-results/blog-management-Blog-Manag-03cf6-ew-blog-post-and-publish-it-chromium/error-context.md


[1A[2K[21/69] [chromium] › tests/public-viewing.spec.ts:227:5 › Public Blog Viewing › should allow anonymous users to like posts
[1A[2K[22/69] [chromium] › tests/public-viewing.spec.ts:256:5 › Public Blog Viewing › should allow anonymous users to comment on posts
[1A[2K[chromium] › tests/public-viewing.spec.ts:256:5 › Public Blog Viewing › should allow anonymous users to comment on posts
Comment input not found, skipping comment test

[1A[2K[chromium] › tests/public-viewing.spec.ts:227:5 › Public Blog Viewing › should allow anonymous users to like posts
Like button not found, skipping like test

[1A[2K[23/69] [chromium] › tests/seed.spec.ts:4:3 › Test group › seed
[1A[2K[24/69] [firefox] › tests/admin-inspect.spec.ts:3:1 › blog post and admin inspection
[1A[2K[25/69] [firefox] › tests/blog-management.spec.ts:15:5 › Blog Management › should create a new blog post and publish it
[1A[2K  9) [chromium] › tests/pagination.spec.ts:72:5 › Pagination › should navigate using previous button 

    [31mTest timeout of 30000ms exceeded.[39m

    Error: locator.click: Test timeout of 30000ms exceeded.
    Call log:
    [2m  - waiting for getByRole('button', { name: /previous|prev/i }).or(locator('[aria-label*="previous"]')).or(locator('button:has-text("Previous")')).or(locator('button:has-text("←")')).first()[22m
    [2m    - locator resolved to <button disabled tabindex="-1" type="button" aria-label="Go to previous page" class="MuiButtonBase-root Mui-disabled MuiPaginationItem-root MuiPaginationItem-sizeMedium MuiPaginationItem-text MuiPaginationItem-circular MuiPaginationItem-colorPrimary MuiPaginationItem-textPrimary Mui-disabled MuiPaginationItem-previousNext css-13xjvsq-MuiButtonBase-root-MuiPaginationItem-root">…</button>[22m
    [2m  - attempting click action[22m
    [2m    2 × waiting for element to be visible, enabled and stable[22m
    [2m      - element is not enabled[22m
    [2m    - retrying click action[22m
    [2m    - waiting 20ms[22m
    [2m    2 × waiting for element to be visible, enabled and stable[22m
    [2m      - element is not enabled[22m
    [2m    - retrying click action[22m
    [2m      - waiting 100ms[22m
    [2m    55 × waiting for element to be visible, enabled and stable[22m
    [2m       - element is not enabled[22m
    [2m     - retrying click action[22m
    [2m       - waiting 500ms[22m


      93 |
      94 |         // Click previous to go back to page 1
    > 95 |         await prevButton.first().click();
         |                                  ^
      96 |         await waitForNetworkIdle(page);
      97 |         await page.waitForTimeout(1000);
      98 |
        at /Users/vybhav/Documents/vybhi/bloggy/tests/pagination.spec.ts:95:34

    Error Context: test-results/pagination-Pagination-should-navigate-using-previous-button-chromium/error-context.md


[1A[2K[26/69] [firefox] › tests/blog-management.spec.ts:72:5 › Blog Management › should delete a blog post with confirmation
[1A[2K  10) [firefox] › tests/admin-inspect.spec.ts:3:1 › blog post and admin inspection ─────────────────

    Error: page.goto: NS_ERROR_CONNECTION_REFUSED
    Call log:
    [2m  - navigating to "http://localhost:5174/", waiting until "load"[22m


      3 | test('blog post and admin inspection', async ({ page }) => {
      4 |     // Go to a specific blog post
    > 5 |     await page.goto('http://localhost:5174');
        |                ^
      6 |     await page.waitForTimeout(2000);
      7 |
      8 |     // Click "Read More" button
        at /Users/vybhav/Documents/vybhi/bloggy/tests/admin-inspect.spec.ts:5:16

    Error Context: test-results/admin-inspect-blog-post-and-admin-inspection-firefox/error-context.md


[1A[2K[27/69] [firefox] › tests/blog-management.spec.ts:129:5 › Blog Management › should handle draft and published status
[1A[2K  11) [firefox] › tests/blog-management.spec.ts:72:5 › Blog Management › should delete a blog post with confirmation 

    Error: locator.click: Error: strict mode violation: getByRole('button', { name: /publish/i }) resolved to 2 elements:
        1) <button tabindex="0" type="button" value="published" aria-pressed="false" aria-label="published" class="MuiButtonBase-root MuiToggleButtonGroup-grouped MuiToggleButtonGroup-groupedHorizontal MuiToggleButton-root MuiToggleButton-sizeMedium MuiToggleButton-standard MuiToggleButtonGroup-grouped MuiToggleButtonGroup-groupedHorizontal MuiToggleButtonGroup-lastButton css-ueukts-MuiButtonBase-root-MuiToggleButton-root">…</button> aka getByRole('button', { name: 'published' })
        2) <button disabled tabindex="-1" type="button" class="MuiButtonBase-root MuiButton-root MuiButton-contained MuiButton-containedSuccess MuiButton-sizeMedium MuiButton-containedSizeMedium MuiButton-colorSuccess Mui-disabled MuiButton-root MuiButton-contained MuiButton-containedSuccess MuiButton-sizeMedium MuiButton-containedSizeMedium MuiButton-colorSuccess css-ke5b6m-MuiButtonBase-root-MuiButton-root">…</button> aka getByRole('button', { name: 'Publish Now' })

    Call log:
    [2m  - waiting for getByRole('button', { name: /publish/i })[22m


       at helpers.ts:93

      91 |
      92 |     // Publish the post
    > 93 |     await page.getByRole('button', { name: /publish/i }).click();
         |                                                          ^
      94 |
      95 |     // Wait for success message or redirect
      96 |     await page.waitForTimeout(2000);
        at createBlogPost (/Users/vybhav/Documents/vybhi/bloggy/tests/helpers.ts:93:58)
        at /Users/vybhav/Documents/vybhi/bloggy/tests/blog-management.spec.ts:75:9

    Error Context: test-results/blog-management-Blog-Manag-b5fae-blog-post-with-confirmation-firefox/error-context.md


[1A[2K[28/69] [firefox] › tests/detailed-inspect.spec.ts:3:1 › detailed DOM inspection
[1A[2K  12) [chromium] › tests/public-viewing.spec.ts:84:5 › Public Blog Viewing › should view a blog post 

    [31mTest timeout of 30000ms exceeded.[39m

    Error: locator.textContent: Test timeout of 30000ms exceeded.
    Call log:
    [2m  - waiting for locator('//div[contains(@class, "blog-post-card")]//h2').first()[22m


      88 |         // Get the first blog post title
      89 |         const firstPostTitle = page.locator('//div[contains(@class, "blog-post-card")]//h2').first();
    > 90 |         const titleText = await firstPostTitle.textContent();
         |                                                ^
      91 |
      92 |         expect(titleText).toBeTruthy();
      93 |
        at /Users/vybhav/Documents/vybhi/bloggy/tests/public-viewing.spec.ts:90:48

    Error Context: test-results/public-viewing-Public-Blog-Viewing-should-view-a-blog-post-chromium/error-context.md


[1A[2K[29/69] [firefox] › tests/inspect.spec.ts:3:1 › inspect UI elements
[1A[2K  13) [firefox] › tests/detailed-inspect.spec.ts:3:1 › detailed DOM inspection ─────────────────────

    Error: page.goto: NS_ERROR_CONNECTION_REFUSED
    Call log:
    [2m  - navigating to "http://localhost:5174/", waiting until "load"[22m


      2 |
      3 | test('detailed DOM inspection', async ({ page }) => {
    > 4 |     await page.goto('http://localhost:5174');
        |                ^
      5 |     await page.waitForLoadState('domcontentloaded');
      6 |     await page.waitForTimeout(2000);
      7 |
        at /Users/vybhav/Documents/vybhi/bloggy/tests/detailed-inspect.spec.ts:4:16

    Error Context: test-results/detailed-inspect-detailed-DOM-inspection-firefox/error-context.md


[1A[2K[30/69] [firefox] › tests/login-inspect.spec.ts:3:1 › login flow inspection
[1A[2K  14) [firefox] › tests/inspect.spec.ts:3:1 › inspect UI elements ──────────────────────────────────

    Error: page.goto: NS_ERROR_CONNECTION_REFUSED
    Call log:
    [2m  - navigating to "http://localhost:5174/", waiting until "load"[22m


      3 | test('inspect UI elements', async ({ page }) => {
      4 |     // Navigate to home page
    > 5 |     await page.goto('http://localhost:5174');
        |                ^
      6 |     await page.waitForLoadState('domcontentloaded');
      7 |
      8 |     // Wait a bit for content to load
        at /Users/vybhav/Documents/vybhi/bloggy/tests/inspect.spec.ts:5:16

    Error Context: test-results/inspect-inspect-UI-elements-firefox/error-context.md


[1A[2K[31/69] [firefox] › tests/pagination.spec.ts:11:5 › Pagination › should navigate through multiple pages using next button
[1A[2K  15) [firefox] › tests/login-inspect.spec.ts:3:1 › login flow inspection ──────────────────────────

    Error: page.goto: NS_ERROR_CONNECTION_REFUSED
    Call log:
    [2m  - navigating to "http://localhost:5174/login", waiting until "load"[22m


      2 |
      3 | test('login flow inspection', async ({ page }) => {
    > 4 |     await page.goto('http://localhost:5174/login');
        |                ^
      5 |     await page.waitForTimeout(2000);
      6 |
      7 |     console.log('\n=== LOGIN PAGE ===');
        at /Users/vybhav/Documents/vybhi/bloggy/tests/login-inspect.spec.ts:4:16

    Error Context: test-results/login-inspect-login-flow-inspection-firefox/error-context.md


[1A[2K[32/69] [firefox] › tests/pagination.spec.ts:72:5 › Pagination › should navigate using previous button
[1A[2K  16) [chromium] › tests/public-viewing.spec.ts:170:5 › Public Blog Viewing › should mark read blogs visually across sessions 

    [31mTest timeout of 30000ms exceeded.[39m

    Error: locator.click: Test timeout of 30000ms exceeded.
    Call log:
    [2m  - waiting for locator('//div[contains(@class, "blog-post-card")]//h2').first()[22m


      182 |
      183 |         // Click on the blog post to mark it as read
    > 184 |         await page.locator('//div[contains(@class, "blog-post-card")]//h2').first().click();
          |                                                                                     ^
      185 |         await page.waitForLoadState('load', { timeout: 20000 });
      186 |         await page.waitForTimeout(2000); // Give time for read status to be saved
      187 |
        at /Users/vybhav/Documents/vybhi/bloggy/tests/public-viewing.spec.ts:184:85

    Error Context: test-results/public-viewing-Public-Blog-0572d-gs-visually-across-sessions-chromium/error-context.md


[1A[2K[33/69] [firefox] › tests/pagination.spec.ts:109:5 › Pagination › should persist page state in URL
[1A[2K  17) [firefox] › tests/pagination.spec.ts:11:5 › Pagination › should navigate through multiple pages using next button 

    Error: [2mexpect([22m[31mreceived[39m[2m).[22mtoBe[2m([22m[32mexpected[39m[2m) // Object.is equality[22m

    Expected: [32m2[39m
    Received: [31m1[39m

      48 |         // Verify we're on page 2
      49 |         currentPage = await getCurrentPageFromURL(page);
    > 50 |         expect(currentPage).toBe(2);
         |                             ^
      51 |
      52 |         // Verify URL contains page parameter
      53 |         expect(page.url()).toContain('page=2');
        at /Users/vybhav/Documents/vybhi/bloggy/tests/pagination.spec.ts:50:29

    Error Context: test-results/pagination-Pagination-shou-275d1-ple-pages-using-next-button-firefox/error-context.md


[1A[2K[34/69] [firefox] › tests/pagination.spec.ts:135:5 › Pagination › should allow direct navigation to specific page via URL
[1A[2K[firefox] › tests/pagination.spec.ts:109:5 › Pagination › should persist page state in URL
Page state persisted in URL after refresh

[1A[2K[35/69] [firefox] › tests/pagination.spec.ts:161:5 › Pagination › should display page numbers correctly
[1A[2K[firefox] › tests/pagination.spec.ts:135:5 › Pagination › should allow direct navigation to specific page via URL
Successfully navigated directly to page 3 via URL

[1A[2KFound 9 posts on page 3

[1A[2K[36/69] [firefox] › tests/pagination.spec.ts:192:5 › Pagination › should disable previous button on first page
[1A[2K[firefox] › tests/pagination.spec.ts:192:5 › Pagination › should disable previous button on first page
Previous button is correctly disabled on first page

[1A[2K[37/69] [firefox] › tests/pagination.spec.ts:218:5 › Pagination › should disable next button on last page
[1A[2K[firefox] › tests/pagination.spec.ts:218:5 › Pagination › should disable next button on last page
Successfully reached last page (page 2)

[1A[2K[firefox] › tests/pagination.spec.ts:161:5 › Pagination › should display page numbers correctly
No page number indicators found

[1A[2K[38/69] [firefox] › tests/pagination.spec.ts:261:5 › Pagination › should maintain search/filter state across pagination
[1A[2K[39/69] [firefox] › tests/public-viewing.spec.ts:11:5 › Public Blog Viewing › should view list of published blogs
[1A[2K[firefox] › tests/pagination.spec.ts:261:5 › Pagination › should maintain search/filter state across pagination
Not enough search results for pagination

[1A[2K[40/69] [firefox] › tests/public-viewing.spec.ts:38:5 › Public Blog Viewing › should search for blogs by keyword
[1A[2K[firefox] › tests/public-viewing.spec.ts:11:5 › Public Blog Viewing › should view list of published blogs
Found 9 blog posts on the page

[1A[2K[41/69] [firefox] › tests/public-viewing.spec.ts:84:5 › Public Blog Viewing › should view a blog post
[1A[2K[firefox] › tests/public-viewing.spec.ts:38:5 › Public Blog Viewing › should search for blogs by keyword
Search for "Getting" returned 2 results

[1A[2K[42/69] [firefox] › tests/public-viewing.spec.ts:128:5 › Public Blog Viewing › should persist theme preference across sessions
[1A[2K[firefox] › tests/public-viewing.spec.ts:128:5 › Public Blog Viewing › should persist theme preference across sessions
Initial theme: null

[1A[2KNew theme after toggle: dark

[1A[2KTheme persisted after refresh: dark

[1A[2KTheme persisted in new page: dark

[1A[2K[43/69] [firefox] › tests/public-viewing.spec.ts:170:5 › Public Blog Viewing › should mark read blogs visually across sessions
[1A[2K[firefox] › tests/public-viewing.spec.ts:170:5 › Public Blog Viewing › should mark read blogs visually across sessions
Initial read posts: 0

[1A[2K  18) [firefox] › tests/blog-management.spec.ts:15:5 › Blog Management › should create a new blog post and publish it 

    [31mTest timeout of 30000ms exceeded.[39m

    Error: locator.click: Test timeout of 30000ms exceeded.
    Call log:
    [2m  - waiting for getByRole('button', { name: /create|new post/i }).or(getByRole('link', { name: /create|new post/i }))[22m


      23 |         const createButton = page.getByRole('button', { name: /create|new post/i })
      24 |             .or(page.getByRole('link', { name: /create|new post/i }));
    > 25 |         await createButton.click();
         |                            ^
      26 |
      27 |         // Wait for editor to load
      28 |         await page.waitForTimeout(1000);
        at /Users/vybhav/Documents/vybhi/bloggy/tests/blog-management.spec.ts:25:28

    Error Context: test-results/blog-management-Blog-Manag-03cf6-ew-blog-post-and-publish-it-firefox/error-context.md


[1A[2K[44/69] [firefox] › tests/public-viewing.spec.ts:227:5 › Public Blog Viewing › should allow anonymous users to like posts
[1A[2K  19) [firefox] › tests/blog-management.spec.ts:129:5 › Blog Management › should handle draft and published status 

    [31mTest timeout of 30000ms exceeded.[39m

    Error: locator.click: Test timeout of 30000ms exceeded.
    Call log:
    [2m  - waiting for getByRole('button', { name: /create|new post/i }).or(getByRole('link', { name: /create|new post/i }))[22m


      134 |         const createButton = page.getByRole('button', { name: /create|new post/i })
      135 |             .or(page.getByRole('link', { name: /create|new post/i }));
    > 136 |         await createButton.click();
          |                            ^
      137 |
      138 |         // Fill in post details
      139 |         await page.getByLabel(/title/i).fill(blogData.title);
        at /Users/vybhav/Documents/vybhi/bloggy/tests/blog-management.spec.ts:136:28

    Error Context: test-results/blog-management-Blog-Manag-ecb98--draft-and-published-status-firefox/error-context.md


[1A[2K[45/69] [firefox] › tests/public-viewing.spec.ts:256:5 › Public Blog Viewing › should allow anonymous users to comment on posts
[1A[2K[firefox] › tests/public-viewing.spec.ts:227:5 › Public Blog Viewing › should allow anonymous users to like posts
Like button not found, skipping like test

[1A[2K[46/69] [firefox] › tests/seed.spec.ts:4:3 › Test group › seed
[1A[2K[47/69] [webkit] › tests/admin-inspect.spec.ts:3:1 › blog post and admin inspection
[1A[2K[firefox] › tests/public-viewing.spec.ts:256:5 › Public Blog Viewing › should allow anonymous users to comment on posts
Comment input not found, skipping comment test

[1A[2K[48/69] [webkit] › tests/blog-management.spec.ts:15:5 › Blog Management › should create a new blog post and publish it
[1A[2K  20) [webkit] › tests/admin-inspect.spec.ts:3:1 › blog post and admin inspection ──────────────────

    Error: page.goto: Could not connect to the server.
    Call log:
    [2m  - navigating to "http://localhost:5174/", waiting until "load"[22m


      3 | test('blog post and admin inspection', async ({ page }) => {
      4 |     // Go to a specific blog post
    > 5 |     await page.goto('http://localhost:5174');
        |                ^
      6 |     await page.waitForTimeout(2000);
      7 |
      8 |     // Click "Read More" button
        at /Users/vybhav/Documents/vybhi/bloggy/tests/admin-inspect.spec.ts:5:16


[1A[2K[49/69] [webkit] › tests/blog-management.spec.ts:72:5 › Blog Management › should delete a blog post with confirmation
[1A[2K  21) [firefox] › tests/pagination.spec.ts:72:5 › Pagination › should navigate using previous button 

    [31mTest timeout of 30000ms exceeded.[39m

    Error: locator.click: Test timeout of 30000ms exceeded.
    Call log:
    [2m  - waiting for getByRole('button', { name: /previous|prev/i }).or(locator('[aria-label*="previous"]')).or(locator('button:has-text("Previous")')).or(locator('button:has-text("←")')).first()[22m
    [2m    - locator resolved to <button disabled tabindex="-1" type="button" aria-label="Go to previous page" class="MuiButtonBase-root Mui-disabled MuiPaginationItem-root MuiPaginationItem-sizeMedium MuiPaginationItem-text MuiPaginationItem-circular MuiPaginationItem-colorPrimary MuiPaginationItem-textPrimary Mui-disabled MuiPaginationItem-previousNext css-13xjvsq-MuiButtonBase-root-MuiPaginationItem-root">…</button>[22m
    [2m  - attempting click action[22m
    [2m    2 × waiting for element to be visible, enabled and stable[22m
    [2m      - element is not enabled[22m
    [2m    - retrying click action[22m
    [2m    - waiting 20ms[22m
    [2m    2 × waiting for element to be visible, enabled and stable[22m
    [2m      - element is not enabled[22m
    [2m    - retrying click action[22m
    [2m      - waiting 100ms[22m
    [2m    49 × waiting for element to be visible, enabled and stable[22m
    [2m       - element is not enabled[22m
    [2m     - retrying click action[22m
    [2m       - waiting 500ms[22m
    [2m    - waiting for element to be visible, enabled and stable[22m


      93 |
      94 |         // Click previous to go back to page 1
    > 95 |         await prevButton.first().click();
         |                                  ^
      96 |         await waitForNetworkIdle(page);
      97 |         await page.waitForTimeout(1000);
      98 |
        at /Users/vybhav/Documents/vybhi/bloggy/tests/pagination.spec.ts:95:34

    Error Context: test-results/pagination-Pagination-should-navigate-using-previous-button-firefox/error-context.md


[1A[2K[50/69] [webkit] › tests/blog-management.spec.ts:129:5 › Blog Management › should handle draft and published status
[1A[2K  22) [webkit] › tests/blog-management.spec.ts:72:5 › Blog Management › should delete a blog post with confirmation 

    Error: locator.click: Error: strict mode violation: getByRole('button', { name: /publish/i }) resolved to 2 elements:
        1) <button tabindex="0" type="button" value="published" aria-pressed="false" aria-label="published" class="MuiButtonBase-root MuiToggleButtonGroup-grouped MuiToggleButtonGroup-groupedHorizontal MuiToggleButton-root MuiToggleButton-sizeMedium MuiToggleButton-standard MuiToggleButtonGroup-grouped MuiToggleButtonGroup-groupedHorizontal MuiToggleButtonGroup-lastButton css-ueukts-MuiButtonBase-root-MuiToggleButton-root">…</button> aka getByRole('button', { name: 'published' })
        2) <button disabled tabindex="-1" type="button" class="MuiButtonBase-root MuiButton-root MuiButton-contained MuiButton-containedSuccess MuiButton-sizeMedium MuiButton-containedSizeMedium MuiButton-colorSuccess Mui-disabled MuiButton-root MuiButton-contained MuiButton-containedSuccess MuiButton-sizeMedium MuiButton-containedSizeMedium MuiButton-colorSuccess css-ke5b6m-MuiButtonBase-root-MuiButton-root">…</button> aka getByRole('button', { name: 'Publish Now' })

    Call log:
    [2m  - waiting for getByRole('button', { name: /publish/i })[22m


       at helpers.ts:93

      91 |
      92 |     // Publish the post
    > 93 |     await page.getByRole('button', { name: /publish/i }).click();
         |                                                          ^
      94 |
      95 |     // Wait for success message or redirect
      96 |     await page.waitForTimeout(2000);
        at createBlogPost (/Users/vybhav/Documents/vybhi/bloggy/tests/helpers.ts:93:58)
        at /Users/vybhav/Documents/vybhi/bloggy/tests/blog-management.spec.ts:75:9

    Error Context: test-results/blog-management-Blog-Manag-b5fae-blog-post-with-confirmation-webkit/error-context.md


[1A[2K[51/69] [webkit] › tests/detailed-inspect.spec.ts:3:1 › detailed DOM inspection
[1A[2K  23) [webkit] › tests/detailed-inspect.spec.ts:3:1 › detailed DOM inspection ──────────────────────

    Error: page.goto: Could not connect to the server.
    Call log:
    [2m  - navigating to "http://localhost:5174/", waiting until "load"[22m


      2 |
      3 | test('detailed DOM inspection', async ({ page }) => {
    > 4 |     await page.goto('http://localhost:5174');
        |                ^
      5 |     await page.waitForLoadState('domcontentloaded');
      6 |     await page.waitForTimeout(2000);
      7 |
        at /Users/vybhav/Documents/vybhi/bloggy/tests/detailed-inspect.spec.ts:4:16


[1A[2K[52/69] [webkit] › tests/inspect.spec.ts:3:1 › inspect UI elements
[1A[2K  24) [webkit] › tests/inspect.spec.ts:3:1 › inspect UI elements ───────────────────────────────────

    Error: page.goto: Could not connect to the server.
    Call log:
    [2m  - navigating to "http://localhost:5174/", waiting until "load"[22m


      3 | test('inspect UI elements', async ({ page }) => {
      4 |     // Navigate to home page
    > 5 |     await page.goto('http://localhost:5174');
        |                ^
      6 |     await page.waitForLoadState('domcontentloaded');
      7 |
      8 |     // Wait a bit for content to load
        at /Users/vybhav/Documents/vybhi/bloggy/tests/inspect.spec.ts:5:16


[1A[2K[53/69] [webkit] › tests/login-inspect.spec.ts:3:1 › login flow inspection
[1A[2K  25) [webkit] › tests/login-inspect.spec.ts:3:1 › login flow inspection ───────────────────────────

    Error: page.goto: Could not connect to the server.
    Call log:
    [2m  - navigating to "http://localhost:5174/login", waiting until "load"[22m


      2 |
      3 | test('login flow inspection', async ({ page }) => {
    > 4 |     await page.goto('http://localhost:5174/login');
        |                ^
      5 |     await page.waitForTimeout(2000);
      6 |
      7 |     console.log('\n=== LOGIN PAGE ===');
        at /Users/vybhav/Documents/vybhi/bloggy/tests/login-inspect.spec.ts:4:16


[1A[2K[54/69] [webkit] › tests/pagination.spec.ts:11:5 › Pagination › should navigate through multiple pages using next button
[1A[2K  26) [webkit] › tests/pagination.spec.ts:11:5 › Pagination › should navigate through multiple pages using next button 

    Error: [2mexpect([22m[31mreceived[39m[2m).[22mtoBe[2m([22m[32mexpected[39m[2m) // Object.is equality[22m

    Expected: [32m2[39m
    Received: [31m1[39m

      48 |         // Verify we're on page 2
      49 |         currentPage = await getCurrentPageFromURL(page);
    > 50 |         expect(currentPage).toBe(2);
         |                             ^
      51 |
      52 |         // Verify URL contains page parameter
      53 |         expect(page.url()).toContain('page=2');
        at /Users/vybhav/Documents/vybhi/bloggy/tests/pagination.spec.ts:50:29

    Error Context: test-results/pagination-Pagination-shou-275d1-ple-pages-using-next-button-webkit/error-context.md


[1A[2K[55/69] [webkit] › tests/pagination.spec.ts:72:5 › Pagination › should navigate using previous button
[1A[2K  27) [firefox] › tests/public-viewing.spec.ts:84:5 › Public Blog Viewing › should view a blog post 

    [31mTest timeout of 30000ms exceeded.[39m

    Error: locator.textContent: Test timeout of 30000ms exceeded.
    Call log:
    [2m  - waiting for locator('//div[contains(@class, "blog-post-card")]//h2').first()[22m


      88 |         // Get the first blog post title
      89 |         const firstPostTitle = page.locator('//div[contains(@class, "blog-post-card")]//h2').first();
    > 90 |         const titleText = await firstPostTitle.textContent();
         |                                                ^
      91 |
      92 |         expect(titleText).toBeTruthy();
      93 |
        at /Users/vybhav/Documents/vybhi/bloggy/tests/public-viewing.spec.ts:90:48

    Error Context: test-results/public-viewing-Public-Blog-Viewing-should-view-a-blog-post-firefox/error-context.md


[1A[2K[56/69] [webkit] › tests/pagination.spec.ts:109:5 › Pagination › should persist page state in URL
[1A[2K  28) [firefox] › tests/public-viewing.spec.ts:170:5 › Public Blog Viewing › should mark read blogs visually across sessions 

    [31mTest timeout of 30000ms exceeded.[39m

    Error: locator.click: Test timeout of 30000ms exceeded.
    Call log:
    [2m  - waiting for locator('//div[contains(@class, "blog-post-card")]//h2').first()[22m


      182 |
      183 |         // Click on the blog post to mark it as read
    > 184 |         await page.locator('//div[contains(@class, "blog-post-card")]//h2').first().click();
          |                                                                                     ^
      185 |         await page.waitForLoadState('load', { timeout: 20000 });
      186 |         await page.waitForTimeout(2000); // Give time for read status to be saved
      187 |
        at /Users/vybhav/Documents/vybhi/bloggy/tests/public-viewing.spec.ts:184:85

    Error Context: test-results/public-viewing-Public-Blog-0572d-gs-visually-across-sessions-firefox/error-context.md


[1A[2K[57/69] [webkit] › tests/pagination.spec.ts:135:5 › Pagination › should allow direct navigation to specific page via URL
[1A[2K[webkit] › tests/pagination.spec.ts:109:5 › Pagination › should persist page state in URL
Page state persisted in URL after refresh

[1A[2K[58/69] [webkit] › tests/pagination.spec.ts:161:5 › Pagination › should display page numbers correctly
[1A[2K[webkit] › tests/pagination.spec.ts:161:5 › Pagination › should display page numbers correctly
No page number indicators found

[1A[2K[59/69] [webkit] › tests/pagination.spec.ts:192:5 › Pagination › should disable previous button on first page
[1A[2K[webkit] › tests/pagination.spec.ts:192:5 › Pagination › should disable previous button on first page
Previous button is correctly disabled on first page

[1A[2K[60/69] [webkit] › tests/pagination.spec.ts:218:5 › Pagination › should disable next button on last page
[1A[2K[webkit] › tests/pagination.spec.ts:135:5 › Pagination › should allow direct navigation to specific page via URL
Successfully navigated directly to page 3 via URL

[1A[2KFound 9 posts on page 3

[1A[2K[61/69] [webkit] › tests/pagination.spec.ts:261:5 › Pagination › should maintain search/filter state across pagination
[1A[2K[webkit] › tests/pagination.spec.ts:218:5 › Pagination › should disable next button on last page
Successfully reached last page (page 2)

[1A[2K[62/69] [webkit] › tests/public-viewing.spec.ts:11:5 › Public Blog Viewing › should view list of published blogs
[1A[2K[webkit] › tests/pagination.spec.ts:261:5 › Pagination › should maintain search/filter state across pagination
Not enough search results for pagination

[1A[2K[63/69] [webkit] › tests/public-viewing.spec.ts:38:5 › Public Blog Viewing › should search for blogs by keyword
[1A[2K[webkit] › tests/public-viewing.spec.ts:11:5 › Public Blog Viewing › should view list of published blogs
Found 9 blog posts on the page

[1A[2K[64/69] [webkit] › tests/public-viewing.spec.ts:84:5 › Public Blog Viewing › should view a blog post
[1A[2K[webkit] › tests/public-viewing.spec.ts:38:5 › Public Blog Viewing › should search for blogs by keyword
Search for "Getting" returned 2 results

[1A[2K[65/69] [webkit] › tests/public-viewing.spec.ts:128:5 › Public Blog Viewing › should persist theme preference across sessions
[1A[2K[webkit] › tests/public-viewing.spec.ts:128:5 › Public Blog Viewing › should persist theme preference across sessions
Initial theme: null

[1A[2KNew theme after toggle: dark

[1A[2KTheme persisted after refresh: dark

[1A[2KTheme persisted in new page: dark

[1A[2K[66/69] [webkit] › tests/public-viewing.spec.ts:170:5 › Public Blog Viewing › should mark read blogs visually across sessions
[1A[2K[webkit] › tests/public-viewing.spec.ts:170:5 › Public Blog Viewing › should mark read blogs visually across sessions
Initial read posts: 0

[1A[2K  29) [webkit] › tests/blog-management.spec.ts:15:5 › Blog Management › should create a new blog post and publish it 

    [31mTest timeout of 30000ms exceeded.[39m

    Error: locator.click: Test timeout of 30000ms exceeded.
    Call log:
    [2m  - waiting for getByRole('button', { name: /create|new post/i }).or(getByRole('link', { name: /create|new post/i }))[22m


      23 |         const createButton = page.getByRole('button', { name: /create|new post/i })
      24 |             .or(page.getByRole('link', { name: /create|new post/i }));
    > 25 |         await createButton.click();
         |                            ^
      26 |
      27 |         // Wait for editor to load
      28 |         await page.waitForTimeout(1000);
        at /Users/vybhav/Documents/vybhi/bloggy/tests/blog-management.spec.ts:25:28

    Error Context: test-results/blog-management-Blog-Manag-03cf6-ew-blog-post-and-publish-it-webkit/error-context.md


[1A[2K[67/69] [webkit] › tests/public-viewing.spec.ts:227:5 › Public Blog Viewing › should allow anonymous users to like posts
[1A[2K[webkit] › tests/public-viewing.spec.ts:227:5 › Public Blog Viewing › should allow anonymous users to like posts
Like button not found, skipping like test

[1A[2K[68/69] [webkit] › tests/public-viewing.spec.ts:256:5 › Public Blog Viewing › should allow anonymous users to comment on posts
[1A[2K  30) [webkit] › tests/blog-management.spec.ts:129:5 › Blog Management › should handle draft and published status 

    [31mTest timeout of 30000ms exceeded.[39m

    Error: locator.click: Test timeout of 30000ms exceeded.
    Call log:
    [2m  - waiting for getByRole('button', { name: /create|new post/i }).or(getByRole('link', { name: /create|new post/i }))[22m


      134 |         const createButton = page.getByRole('button', { name: /create|new post/i })
      135 |             .or(page.getByRole('link', { name: /create|new post/i }));
    > 136 |         await createButton.click();
          |                            ^
      137 |
      138 |         // Fill in post details
      139 |         await page.getByLabel(/title/i).fill(blogData.title);
        at /Users/vybhav/Documents/vybhi/bloggy/tests/blog-management.spec.ts:136:28

    Error Context: test-results/blog-management-Blog-Manag-ecb98--draft-and-published-status-webkit/error-context.md


[1A[2K[69/69] [webkit] › tests/seed.spec.ts:4:3 › Test group › seed
[1A[2K[webkit] › tests/public-viewing.spec.ts:256:5 › Public Blog Viewing › should allow anonymous users to comment on posts
Comment input not found, skipping comment test

[1A[2K  31) [webkit] › tests/pagination.spec.ts:72:5 › Pagination › should navigate using previous button 

    [31mTest timeout of 30000ms exceeded.[39m

    Error: locator.click: Test timeout of 30000ms exceeded.
    Call log:
    [2m  - waiting for getByRole('button', { name: /previous|prev/i }).or(locator('[aria-label*="previous"]')).or(locator('button:has-text("Previous")')).or(locator('button:has-text("←")')).first()[22m
    [2m    - locator resolved to <button disabled tabindex="-1" type="button" aria-label="Go to previous page" class="MuiButtonBase-root Mui-disabled MuiPaginationItem-root MuiPaginationItem-sizeMedium MuiPaginationItem-text MuiPaginationItem-circular MuiPaginationItem-colorPrimary MuiPaginationItem-textPrimary Mui-disabled MuiPaginationItem-previousNext css-13xjvsq-MuiButtonBase-root-MuiPaginationItem-root">…</button>[22m
    [2m  - attempting click action[22m
    [2m    2 × waiting for element to be visible, enabled and stable[22m
    [2m      - element is not enabled[22m
    [2m    - retrying click action[22m
    [2m    - waiting 20ms[22m
    [2m    2 × waiting for element to be visible, enabled and stable[22m
    [2m      - element is not enabled[22m
    [2m    - retrying click action[22m
    [2m      - waiting 100ms[22m
    [2m    55 × waiting for element to be visible, enabled and stable[22m
    [2m       - element is not enabled[22m
    [2m     - retrying click action[22m
    [2m       - waiting 500ms[22m


      93 |
      94 |         // Click previous to go back to page 1
    > 95 |         await prevButton.first().click();
         |                                  ^
      96 |         await waitForNetworkIdle(page);
      97 |         await page.waitForTimeout(1000);
      98 |
        at /Users/vybhav/Documents/vybhi/bloggy/tests/pagination.spec.ts:95:34

    Error Context: test-results/pagination-Pagination-should-navigate-using-previous-button-webkit/error-context.md


[1A[2K  32) [webkit] › tests/public-viewing.spec.ts:84:5 › Public Blog Viewing › should view a blog post ─

    [31mTest timeout of 30000ms exceeded.[39m

    Error: locator.textContent: Test timeout of 30000ms exceeded.
    Call log:
    [2m  - waiting for locator('//div[contains(@class, "blog-post-card")]//h2').first()[22m


      88 |         // Get the first blog post title
      89 |         const firstPostTitle = page.locator('//div[contains(@class, "blog-post-card")]//h2').first();
    > 90 |         const titleText = await firstPostTitle.textContent();
         |                                                ^
      91 |
      92 |         expect(titleText).toBeTruthy();
      93 |
        at /Users/vybhav/Documents/vybhi/bloggy/tests/public-viewing.spec.ts:90:48

    Error Context: test-results/public-viewing-Public-Blog-Viewing-should-view-a-blog-post-webkit/error-context.md


[1A[2K  33) [webkit] › tests/public-viewing.spec.ts:170:5 › Public Blog Viewing › should mark read blogs visually across sessions 

    [31mTest timeout of 30000ms exceeded.[39m

    Error: locator.click: Test timeout of 30000ms exceeded.
    Call log:
    [2m  - waiting for locator('//div[contains(@class, "blog-post-card")]//h2').first()[22m


      182 |
      183 |         // Click on the blog post to mark it as read
    > 184 |         await page.locator('//div[contains(@class, "blog-post-card")]//h2').first().click();
          |                                                                                     ^
      185 |         await page.waitForLoadState('load', { timeout: 20000 });
      186 |         await page.waitForTimeout(2000); // Give time for read status to be saved
      187 |
        at /Users/vybhav/Documents/vybhi/bloggy/tests/public-viewing.spec.ts:184:85

    Error Context: test-results/public-viewing-Public-Blog-0572d-gs-visually-across-sessions-webkit/error-context.md


[1A[2K  33 failed
    [chromium] › tests/admin-inspect.spec.ts:3:1 › blog post and admin inspection ──────────────────
    [chromium] › tests/blog-management.spec.ts:15:5 › Blog Management › should create a new blog post and publish it 
    [chromium] › tests/blog-management.spec.ts:72:5 › Blog Management › should delete a blog post with confirmation 
    [chromium] › tests/blog-management.spec.ts:129:5 › Blog Management › should handle draft and published status 
    [chromium] › tests/detailed-inspect.spec.ts:3:1 › detailed DOM inspection ──────────────────────
    [chromium] › tests/inspect.spec.ts:3:1 › inspect UI elements ───────────────────────────────────
    [chromium] › tests/login-inspect.spec.ts:3:1 › login flow inspection ───────────────────────────
    [chromium] › tests/pagination.spec.ts:11:5 › Pagination › should navigate through multiple pages using next button 
    [chromium] › tests/pagination.spec.ts:72:5 › Pagination › should navigate using previous button 
    [chromium] › tests/public-viewing.spec.ts:84:5 › Public Blog Viewing › should view a blog post ─
    [chromium] › tests/public-viewing.spec.ts:170:5 › Public Blog Viewing › should mark read blogs visually across sessions 
    [firefox] › tests/admin-inspect.spec.ts:3:1 › blog post and admin inspection ───────────────────
    [firefox] › tests/blog-management.spec.ts:15:5 › Blog Management › should create a new blog post and publish it 
    [firefox] › tests/blog-management.spec.ts:72:5 › Blog Management › should delete a blog post with confirmation 
    [firefox] › tests/blog-management.spec.ts:129:5 › Blog Management › should handle draft and published status 
    [firefox] › tests/detailed-inspect.spec.ts:3:1 › detailed DOM inspection ───────────────────────
    [firefox] › tests/inspect.spec.ts:3:1 › inspect UI elements ────────────────────────────────────
    [firefox] › tests/login-inspect.spec.ts:3:1 › login flow inspection ────────────────────────────
    [firefox] › tests/pagination.spec.ts:11:5 › Pagination › should navigate through multiple pages using next button 
    [firefox] › tests/pagination.spec.ts:72:5 › Pagination › should navigate using previous button ─
    [firefox] › tests/public-viewing.spec.ts:84:5 › Public Blog Viewing › should view a blog post ──
    [firefox] › tests/public-viewing.spec.ts:170:5 › Public Blog Viewing › should mark read blogs visually across sessions 
    [webkit] › tests/admin-inspect.spec.ts:3:1 › blog post and admin inspection ────────────────────
    [webkit] › tests/blog-management.spec.ts:15:5 › Blog Management › should create a new blog post and publish it 
    [webkit] › tests/blog-management.spec.ts:72:5 › Blog Management › should delete a blog post with confirmation 
    [webkit] › tests/blog-management.spec.ts:129:5 › Blog Management › should handle draft and published status 
    [webkit] › tests/detailed-inspect.spec.ts:3:1 › detailed DOM inspection ────────────────────────
    [webkit] › tests/inspect.spec.ts:3:1 › inspect UI elements ─────────────────────────────────────
    [webkit] › tests/login-inspect.spec.ts:3:1 › login flow inspection ─────────────────────────────
    [webkit] › tests/pagination.spec.ts:11:5 › Pagination › should navigate through multiple pages using next button 
    [webkit] › tests/pagination.spec.ts:72:5 › Pagination › should navigate using previous button ──
    [webkit] › tests/public-viewing.spec.ts:84:5 › Public Blog Viewing › should view a blog post ───
    [webkit] › tests/public-viewing.spec.ts:170:5 › Public Blog Viewing › should mark read blogs visually across sessions 
  36 passed (2.3m)

[36m  Serving HTML report at http://localhost:9323. Press Ctrl+C to quit.[39m
